{'it': 0, 'loss': 0.779, 'neg_iou': 0.054, 't': 1.9}
{'it': 200, 'loss': -0.64, 'neg_iou': 0.019, 't': 155.7}
{'it': 400, 'loss': -0.65, 'neg_iou': 0.022, 't': 310.5}
{'it': 500, 'val_J': 0.0256, 't': 385.8}
{'it': 600, 'loss': -0.701, 'neg_iou': 0.015, 't': 464.0}
{'it': 800, 'loss': -0.699, 'neg_iou': 0.103, 't': 617.9}
{'it': 1000, 'val_J': 0.0706, 't': 770.1}
{'it': 1000, 'loss': -0.648, 'neg_iou': 0.097, 't': 770.9}
{'it': 1200, 'loss': -0.662, 'neg_iou': 0.08, 't': 924.7}
{'it': 1400, 'loss': -0.66, 'neg_iou': 0.056, 't': 1078.4}
{'it': 1500, 'val_J': 0.0846, 't': 1153.8}
{'it': 1600, 'loss': -0.691, 'neg_iou': 0.09, 't': 1232.5}
{'it': 1800, 'loss': -0.668, 'neg_iou': 0.104, 't': 1386.3}
{'it': 2000, 'val_J': 0.1263, 't': 1538.5}
{'it': 2000, 'loss': -0.671, 'neg_iou': 0.183, 't': 1539.2}
{'it': 2200, 'loss': -0.739, 'neg_iou': 0.129, 't': 1692.9}
{'it': 2400, 'loss': -0.708, 'neg_iou': 0.08, 't': 1846.6}
{'it': 2500, 'val_J': 0.0899, 't': 1922.0}
{'it': 2600, 'loss': -0.743, 'neg_iou': 0.094, 't': 1999.6}
{'it': 2800, 'loss': -0.645, 'neg_iou': 0.062, 't': 2153.3}
{'it': 3000, 'val_J': 0.0661, 't': 2305.5}
{'it': 3000, 'loss': -0.614, 'neg_iou': 0.05, 't': 2306.3}
{'it': 3200, 'loss': -0.709, 'neg_iou': 0.098, 't': 2460.0}
{'it': 3400, 'loss': -0.732, 'neg_iou': 0.113, 't': 2613.7}
{'it': 3500, 'val_J': 0.1065, 't': 2689.1}
{'it': 3600, 'loss': -0.788, 'neg_iou': 0.088, 't': 2766.7}
{'it': 3800, 'loss': -0.749, 'neg_iou': 0.149, 't': 2920.3}
{'it': 4000, 'val_J': 0.1401, 't': 3072.6}
{'it': 4000, 'loss': -0.763, 'neg_iou': 0.149, 't': 3073.4}
{'it': 4200, 'loss': -0.729, 'neg_iou': 0.113, 't': 3227.0}
{'it': 4400, 'loss': -0.726, 'neg_iou': 0.109, 't': 3380.7}
{'it': 4500, 'val_J': 0.1114, 't': 3456.0}
{'it': 4600, 'loss': -0.74, 'neg_iou': 0.108, 't': 3533.6}
{'it': 4800, 'loss': -0.728, 'neg_iou': 0.177, 't': 3687.3}
{'it': 5000, 'val_J': 0.1493, 't': 3839.7}
{'it': 5000, 'loss': -0.771, 'neg_iou': 0.17, 't': 3840.5}
{'it': 5200, 'loss': -0.726, 'neg_iou': 0.281, 't': 3994.2}
{'it': 5400, 'loss': -0.771, 'neg_iou': 0.24, 't': 4148.6}
{'it': 5500, 'val_J': 0.1624, 't': 4223.8}
{'it': 5600, 'loss': -0.796, 'neg_iou': 0.216, 't': 4301.5}
{'it': 5800, 'loss': -0.669, 'neg_iou': 0.262, 't': 4455.2}
final val_J 0.1463
saved runs_video/amortized.pt train_s 4611.4
