{'it': 0, 'loss': 1.031, 'neg_iou': 0.077, 't': 2.5}
{'it': 200, 'loss': -8.892, 'neg_iou': 0.06, 't': 283.1}
{'it': 400, 'loss': -8.97, 'neg_iou': 0.072, 't': 563.8}
{'it': 500, 'val_J': 0.08, 't': 701.5}
{'it': 600, 'loss': -8.991, 'neg_iou': 0.081, 't': 843.2}
{'it': 800, 'loss': -8.988, 'neg_iou': 0.076, 't': 1123.9}
{'it': 1000, 'val_J': 0.0799, 't': 1402.0}
{'it': 1000, 'loss': -8.989, 'neg_iou': 0.067, 't': 1403.4}
{'it': 1200, 'loss': -8.993, 'neg_iou': 0.068, 't': 1684.1}
{'it': 1400, 'loss': -8.983, 'neg_iou': 0.074, 't': 1964.8}
{'it': 1500, 'val_J': 0.0799, 't': 2102.6}
{'it': 1600, 'loss': -8.995, 'neg_iou': 0.061, 't': 2245.1}
{'it': 1800, 'loss': -8.998, 'neg_iou': 0.067, 't': 2525.9}
{'it': 2000, 'val_J': 0.0799, 't': 2804.0}
{'it': 2000, 'loss': -9.017, 'neg_iou': 0.083, 't': 2805.4}
{'it': 2200, 'loss': -9.006, 'neg_iou': 0.078, 't': 3086.2}
{'it': 2400, 'loss': -9.078, 'neg_iou': 0.082, 't': 3367.0}
{'it': 2500, 'val_J': 0.08, 't': 3504.7}
{'it': 2600, 'loss': 25.712, 'neg_iou': 0.074, 't': 3646.5}
{'it': 2800, 'loss': -9.051, 'neg_iou': 0.056, 't': 3927.2}
{'it': 3000, 'val_J': 0.08, 't': 4205.4}
{'it': 3000, 'loss': -9.1, 'neg_iou': 0.061, 't': 4206.8}
{'it': 3200, 'loss': -9.157, 'neg_iou': 0.065, 't': 4487.6}
{'it': 3400, 'loss': -9.43, 'neg_iou': 0.076, 't': 4768.4}
{'it': 3500, 'val_J': 0.0799, 't': 4906.2}
{'it': 3600, 'loss': -9.254, 'neg_iou': 0.08, 't': 5047.9}
{'it': 3800, 'loss': -9.512, 'neg_iou': 0.069, 't': 5328.8}
{'it': 4000, 'val_J': 0.08, 't': 5606.9}
{'it': 4000, 'loss': -9.61, 'neg_iou': 0.085, 't': 5608.3}
{'it': 4200, 'loss': -9.566, 'neg_iou': 0.068, 't': 5889.8}
{'it': 4400, 'loss': -9.426, 'neg_iou': 0.069, 't': 6170.5}
{'it': 4500, 'val_J': 0.08, 't': 6308.3}
{'it': 4600, 'loss': -9.615, 'neg_iou': 0.068, 't': 6450.0}
{'it': 4800, 'loss': -9.575, 'neg_iou': 0.093, 't': 6730.8}
final val_J 0.0801
saved runs_video/baseline.pt train_s 7018.7
